[2026-08-25T03:16:57.876Z] walletPay HIT — orderNumber=BX-20260825-587F0D4F, walletNumber=01010101010, sessionID=3AAfhjUee5Yca-u88tRDZMqLaBQBDSgI
[2026-08-25T03:16:58.305Z] Order found: id=6a8d0908d34f32d9bdc343f5, status=pending, paymentStatus=pending, walletToken=present
[2026-08-25T03:16:58.305Z] Calling createAndPayWallet...
[2026-08-25T03:16:59.901Z] createAndPayWallet SUCCESS — paymobData={"id":521731505,"pending":true,"amount_cents":35000,"success":false,"is_auth":false,"is_capture":false,"is_standalone_payment":true,"is_voided":false,"is_refunded":false,"is_3d_secure":false,"integration_id":5877787,"profile_id":1216222,"has_parent_transaction":false,"order":{"id":594430796,"created_at":"2026-08-25T06:16:58.988939","delivery_needed":false,"merchant":{"id":1216222,"created_at":"2026-08-18T11:33:58.896825","state":"","country":"EGY","city":"Cairo","postal_code":"","street":""},"co
[2026-08-25T03:17:00.118Z] Saved paymobTransactionId to order
[2026-08-25T03:17:00.118Z] redirectUrl=https://accept.paymobsolutions.com/api/acceptance/wallet_other_test/wallet_template?token=ZXlKaGJHY2lPaUpJVXpVeE1pSXNJblI1Y0NJNklrcFhWQ0o5LmV5SmpiR0Z6Y3lJNklsUnlZVzV6WVdOMGFXOXVJaXdpZEhKaGJuTmhZM1JwYjI1ZmNHc2lPalV5TVRjek1UVXdOU3dpYzNWaVgzUjVjR1VpT2lKM1lXeHNaWFFpZlEuZXBVZ3RQdjFCTjVxQV9QWENlcFRkdzUtNThDMXdfV2VTWlBHYV96REdvWkF4SnctUWh0bW45M0NOSllUSG9lMlcxaFdVQXlZbjdJRlhsc1Bkc2pBQVE=
[2026-08-25T03:17:00.119Z] REDIRECTING to https://accept.paymobsolutions.com/api/acceptance/wallet_other_test/wallet_template?token=ZXlKaGJHY2lPaUpJVXpVeE1pSXNJblI1Y0NJNklrcFhWQ0o5LmV5SmpiR0Z6Y3lJNklsUnlZVzV6WVdOMGFXOXVJaXdpZEhKaGJuTmhZM1JwYjI1ZmNHc2lPalV5TVRjek1UVXdOU3dpYzNWaVgzUjVjR1VpT2lKM1lXeHNaWFFpZlEuZXBVZ3RQdjFCTjVxQV9QWENlcFRkdzUtNThDMXdfV2VTWlBHYV96REdvWkF4SnctUWh0bW45M0NOSllUSG9lMlcxaFdVQXlZbjdJRlhsc1Bkc2pBQVE=
[2026-08-25T03:22:42.166Z] walletPay HIT — orderNumber=BX-20260825-2A94E4EC, walletNumber=01010101010, sessionID=3AAfhjUee5Yca-u88tRDZMqLaBQBDSgI
[2026-08-25T03:22:42.613Z] Order found: id=6a8d0a63dbde2b162ad319cc, status=pending, paymentStatus=pending, walletToken=present
[2026-08-25T03:22:42.613Z] Calling createAndPayWallet...
[2026-08-25T03:22:44.182Z] createAndPayWallet SUCCESS — paymobData={"id":521732137,"pending":true,"amount_cents":35000,"success":false,"is_auth":false,"is_capture":false,"is_standalone_payment":true,"is_voided":false,"is_refunded":false,"is_3d_secure":false,"integration_id":5877787,"profile_id":1216222,"has_parent_transaction":false,"order":{"id":594431521,"created_at":"2026-08-25T06:22:43.292146","delivery_needed":false,"merchant":{"id":1216222,"created_at":"2026-08-18T11:33:58.896825","state":"","country":"EGY","city":"Cairo","postal_code":"","street":""},"co
[2026-08-25T03:22:44.401Z] Saved paymobTransactionId to order
[2026-08-25T03:22:44.402Z] redirectUrl=https://accept.paymobsolutions.com/api/acceptance/wallet_other_test/wallet_template?token=ZXlKaGJHY2lPaUpJVXpVeE1pSXNJblI1Y0NJNklrcFhWQ0o5LmV5SmpiR0Z6Y3lJNklsUnlZVzV6WVdOMGFXOXVJaXdpZEhKaGJuTmhZM1JwYjI1ZmNHc2lPalV5TVRjek1qRXpOeXdpYzNWaVgzUjVjR1VpT2lKM1lXeHNaWFFpZlEuSlRJNXpkT3YwQUNibzYwbHRIOHFxTHRJNTJnZzNKV1J2SDBjdmIwTVdTU1N0OG5TZGlkbl9iOFM4QzFnTHFjb05Nb0kwTXJqSzNwTGxfMGdWc0NiM0E=
[2026-08-25T03:22:44.402Z] RENDERING wallet-redirect page → https://accept.paymobsolutions.com/api/acceptance/wallet_other_test/wallet_template?token=ZXlKaGJHY2lPaUpJVXpVeE1pSXNJblI1Y0NJNklrcFhWQ0o5LmV5SmpiR0Z6Y3lJNklsUnlZVzV6WVdOMGFXOXVJaXdpZEhKaGJuTmhZM1JwYjI1ZmNHc2lPalV5TVRjek1qRXpOeXdpYzNWaVgzUjVjR1VpT2lKM1lXeHNaWFFpZlEuSlRJNXpkT3YwQUNibzYwbHRIOHFxTHRJNTJnZzNKV1J2SDBjdmIwTVdTU1N0OG5TZGlkbl9iOFM4QzFnTHFjb05Nb0kwTXJqSzNwTGxfMGdWc0NiM0E=
[2026-08-25T03:23:39.362Z] walletPay HIT — orderNumber=BX-20260825-2A94E4EC, walletNumber=01010101010, sessionID=3AAfhjUee5Yca-u88tRDZMqLaBQBDSgI
[2026-08-25T03:23:39.771Z] Order found: id=6a8d0a63dbde2b162ad319cc, status=pending, paymentStatus=pending, walletToken=present
[2026-08-25T03:23:39.771Z] Calling createAndPayWallet...
[2026-08-25T03:23:41.489Z] createAndPayWallet SUCCESS — paymobData={"id":521732242,"pending":true,"amount_cents":35000,"success":false,"is_auth":false,"is_capture":false,"is_standalone_payment":true,"is_voided":false,"is_refunded":false,"is_3d_secure":false,"integration_id":5877787,"profile_id":1216222,"has_parent_transaction":false,"order":{"id":594431640,"created_at":"2026-08-25T06:23:40.626159","delivery_needed":false,"merchant":{"id":1216222,"created_at":"2026-08-18T11:33:58.896825","state":"","country":"EGY","city":"Cairo","postal_code":"","street":""},"co
[2026-08-25T03:23:41.701Z] Saved paymobTransactionId to order
[2026-08-25T03:23:41.702Z] redirectUrl=https://accept.paymobsolutions.com/api/acceptance/wallet_other_test/wallet_template?token=ZXlKaGJHY2lPaUpJVXpVeE1pSXNJblI1Y0NJNklrcFhWQ0o5LmV5SmpiR0Z6Y3lJNklsUnlZVzV6WVdOMGFXOXVJaXdpZEhKaGJuTmhZM1JwYjI1ZmNHc2lPalV5TVRjek1qSTBNaXdpYzNWaVgzUjVjR1VpT2lKM1lXeHNaWFFpZlEucml3OHQyMmRZTTFqLUNpT1FlTFYwbUdPcUk4X2s5MkJzVzhqbGxvYndIZ1hLNGhoeUEtdVZCNVZBdmQtcEREUVdCRTM5ellLYlRZUGJxZ2w3OXV1NVE=
[2026-08-25T03:23:41.703Z] RENDERING wallet-redirect page → https://accept.paymobsolutions.com/api/acceptance/wallet_other_test/wallet_template?token=ZXlKaGJHY2lPaUpJVXpVeE1pSXNJblI1Y0NJNklrcFhWQ0o5LmV5SmpiR0Z6Y3lJNklsUnlZVzV6WVdOMGFXOXVJaXdpZEhKaGJuTmhZM1JwYjI1ZmNHc2lPalV5TVRjek1qSTBNaXdpYzNWaVgzUjVjR1VpT2lKM1lXeHNaWFFpZlEucml3OHQyMmRZTTFqLUNpT1FlTFYwbUdPcUk4X2s5MkJzVzhqbGxvYndIZ1hLNGhoeUEtdVZCNVZBdmQtcEREUVdCRTM5ellLYlRZUGJxZ2w3OXV1NVE=
[2026-08-25T03:28:15.101Z] walletPay HIT — orderNumber=BX-20260825-41C25E44, walletNumber=01010101010, sessionID=3AAfhjUee5Yca-u88tRDZMqLaBQBDSgI
[2026-08-25T03:28:15.536Z] Order found: id=6a8d0bb25357ed4221552498, status=pending, paymentStatus=pending, walletToken=present
[2026-08-25T03:28:15.537Z] Calling createAndPayWallet...
[2026-08-25T03:28:17.120Z] createAndPayWallet SUCCESS — paymobData={"id":521732764,"pending":true,"amount_cents":35000,"success":false,"is_auth":false,"is_capture":false,"is_standalone_payment":true,"is_voided":false,"is_refunded":false,"is_3d_secure":false,"integration_id":5877787,"profile_id":1216222,"has_parent_transaction":false,"order":{"id":594432240,"created_at":"2026-08-25T06:28:16.234829","delivery_needed":false,"merchant":{"id":1216222,"created_at":"2026-08-18T11:33:58.896825","state":"","country":"EGY","city":"Cairo","postal_code":"","street":""},"co
[2026-08-25T03:28:17.341Z] Saved paymobTransactionId to order
[2026-08-25T03:28:17.342Z] redirectUrl=https://accept.paymobsolutions.com/api/acceptance/wallet_other_test/wallet_template?token=ZXlKaGJHY2lPaUpJVXpVeE1pSXNJblI1Y0NJNklrcFhWQ0o5LmV5SmpiR0Z6Y3lJNklsUnlZVzV6WVdOMGFXOXVJaXdpZEhKaGJuTmhZM1JwYjI1ZmNHc2lPalV5TVRjek1qYzJOQ3dpYzNWaVgzUjVjR1VpT2lKM1lXeHNaWFFpZlEuV2w1bnBjVXpMakVjZC03a2pIZTBZQnRFelVvcTBra3Vtd0NCd1VHV2VSdm9OdlUtcThlMzdWZXFCWWczYUVsdV84YTh3RFJiVm1RYXZxMWxYM1VFUFE=
[2026-08-25T03:28:17.343Z] RENDERING wallet-redirect page → https://accept.paymobsolutions.com/api/acceptance/wallet_other_test/wallet_template?token=ZXlKaGJHY2lPaUpJVXpVeE1pSXNJblI1Y0NJNklrcFhWQ0o5LmV5SmpiR0Z6Y3lJNklsUnlZVzV6WVdOMGFXOXVJaXdpZEhKaGJuTmhZM1JwYjI1ZmNHc2lPalV5TVRjek1qYzJOQ3dpYzNWaVgzUjVjR1VpT2lKM1lXeHNaWFFpZlEuV2w1bnBjVXpMakVjZC03a2pIZTBZQnRFelVvcTBra3Vtd0NCd1VHV2VSdm9OdlUtcThlMzdWZXFCWWczYUVsdV84YTh3RFJiVm1RYXZxMWxYM1VFUFE=
[2026-08-25T03:35:40.969Z] walletPay HIT — orderNumber=BX-20260825-3CDB68FB, walletNumber=01010101010, sessionID=3AAfhjUee5Yca-u88tRDZMqLaBQBDSgI
[2026-08-25T03:35:41.378Z] Order found: id=6a8d0d7f5357ed4221552528, status=pending, paymentStatus=pending, walletToken=present
[2026-08-25T03:35:41.379Z] Calling createAndPayWallet...
[2026-08-25T03:35:43.058Z] createAndPayWallet SUCCESS — paymobData={"id":521733609,"pending":true,"amount_cents":35000,"success":false,"is_auth":false,"is_capture":false,"is_standalone_payment":true,"is_voided":false,"is_refunded":false,"is_3d_secure":false,"integration_id":5877787,"profile_id":1216222,"has_parent_transaction":false,"order":{"id":594433211,"created_at":"2026-08-25T06:35:42.170430","delivery_needed":false,"merchant":{"id":1216222,"created_at":"2026-08-18T11:33:58.896825","state":"","country":"EGY","city":"Cairo","postal_code":"","street":""},"co
[2026-08-25T03:35:43.271Z] Saved paymobTransactionId to order
[2026-08-25T03:35:43.272Z] redirectUrl=https://accept.paymobsolutions.com/api/acceptance/wallet_other_test/wallet_template?token=ZXlKaGJHY2lPaUpJVXpVeE1pSXNJblI1Y0NJNklrcFhWQ0o5LmV5SmpiR0Z6Y3lJNklsUnlZVzV6WVdOMGFXOXVJaXdpZEhKaGJuTmhZM1JwYjI1ZmNHc2lPalV5TVRjek16WXdPU3dpYzNWaVgzUjVjR1VpT2lKM1lXeHNaWFFpZlEudWJTcy1pbGQ0QzlkeW9oUnRlSTlLZFRleVF1akZaNUt0TE5QOHpvaTRWYnlMOXBaU1VqRV9id0VqYzZ2ZXZ5Vkt5NHQ0dmVrcU5nOFhUcVJqU2IyVHc=
[2026-08-25T03:35:43.273Z] RENDERING wallet-redirect page → https://accept.paymobsolutions.com/api/acceptance/wallet_other_test/wallet_template?token=ZXlKaGJHY2lPaUpJVXpVeE1pSXNJblI1Y0NJNklrcFhWQ0o5LmV5SmpiR0Z6Y3lJNklsUnlZVzV6WVdOMGFXOXVJaXdpZEhKaGJuTmhZM1JwYjI1ZmNHc2lPalV5TVRjek16WXdPU3dpYzNWaVgzUjVjR1VpT2lKM1lXeHNaWFFpZlEudWJTcy1pbGQ0QzlkeW9oUnRlSTlLZFRleVF1akZaNUt0TE5QOHpvaTRWYnlMOXBaU1VqRV9id0VqYzZ2ZXZ5Vkt5NHQ0dmVrcU5nOFhUcVJqU2IyVHc=
[2026-08-25T09:33:10.487Z] walletPay HIT — orderNumber=BX-20260825-AFFB8E21, walletNumber=01119250998, sessionID=bH4wMpyYD73uma2q4h6S7d6ohjC2FLoa
[2026-08-25T09:33:11.155Z] Order found: id=6a8d61295357ed42215525fc, status=pending, paymentStatus=pending, walletToken=present
[2026-08-25T09:33:11.156Z] Calling createAndPayWallet...
[2026-08-25T09:33:26.267Z] createAndPayWallet SUCCESS — paymobData={"id":521829567,"pending":false,"amount_cents":55000,"success":false,"is_auth":false,"is_capture":false,"is_standalone_payment":true,"is_voided":false,"is_refunded":false,"is_3d_secure":false,"integration_id":5877787,"profile_id":1216222,"has_parent_transaction":false,"order":{"id":594540887,"created_at":"2026-08-25T12:33:24.324565","delivery_needed":false,"merchant":{"id":1216222,"created_at":"2026-08-18T11:33:58.896825","state":"","country":"EGY","city":"Cairo","postal_code":"","street":""},"c
[2026-08-25T09:33:27.973Z] Saved paymobTransactionId to order
[2026-08-25T09:33:27.974Z] redirectUrl=(none)
[2026-08-25T09:33:27.976Z] RENDERING wallet-waiting page
[2026-08-25T17:37:50.356Z] walletPay HIT — orderNumber=BX-20260825-FB014729, walletNumber=01010101010, sessionID=xf4Z3n3_faLqw5oH1px3dqpQCdSes8uX
[2026-08-25T17:37:50.811Z] Order found: id=6a8dd2c95357ed42215526a9, status=pending, paymentStatus=pending, walletToken=present
[2026-08-25T17:37:50.812Z] Calling createAndPayWallet...
[2026-08-25T17:37:52.504Z] createAndPayWallet SUCCESS — paymobData={"id":522134110,"pending":true,"amount_cents":35000,"success":false,"is_auth":false,"is_capture":false,"is_standalone_payment":true,"is_voided":false,"is_refunded":false,"is_3d_secure":false,"integration_id":5877787,"profile_id":1216222,"has_parent_transaction":false,"order":{"id":594880068,"created_at":"2026-08-25T20:37:51.376439","delivery_needed":false,"merchant":{"id":1216222,"created_at":"2026-08-18T11:33:58.896825","state":"","country":"EGY","city":"Cairo","postal_code":"","street":""},"co
[2026-08-25T17:37:52.719Z] Saved paymobTransactionId to order
[2026-08-25T17:37:52.720Z] redirectUrl=https://accept.paymobsolutions.com/api/acceptance/wallet_other_test/wallet_template?token=ZXlKaGJHY2lPaUpJVXpVeE1pSXNJblI1Y0NJNklrcFhWQ0o5LmV5SmpiR0Z6Y3lJNklsUnlZVzV6WVdOMGFXOXVJaXdpZEhKaGJuTmhZM1JwYjI1ZmNHc2lPalV5TWpFek5ERXhNQ3dpYzNWaVgzUjVjR1VpT2lKM1lXeHNaWFFpZlEuTU9odEFHQ3ItVjFPSFJMVWQwbkdKbGRhdmgwek55UHBSYy1Rdk9RQ3pNSmhHajdsUWR2ejBCREdBYVhCb3dQMUdHclRTVmNRbjV1ZlQ2NjVJYlQ4UkE=
[2026-08-25T17:37:52.720Z] RENDERING wallet-redirect page → https://accept.paymobsolutions.com/api/acceptance/wallet_other_test/wallet_template?token=ZXlKaGJHY2lPaUpJVXpVeE1pSXNJblI1Y0NJNklrcFhWQ0o5LmV5SmpiR0Z6Y3lJNklsUnlZVzV6WVdOMGFXOXVJaXdpZEhKaGJuTmhZM1JwYjI1ZmNHc2lPalV5TWpFek5ERXhNQ3dpYzNWaVgzUjVjR1VpT2lKM1lXeHNaWFFpZlEuTU9odEFHQ3ItVjFPSFJMVWQwbkdKbGRhdmgwek55UHBSYy1Rdk9RQ3pNSmhHajdsUWR2ejBCREdBYVhCb3dQMUdHclRTVmNRbjV1ZlQ2NjVJYlQ4UkE=
[2026-08-25T17:55:51.224Z] walletPay HIT — orderNumber=BX-20260825-9A30EA72, walletNumber=01010101010, sessionID=daDeFR-ACjAUvusQYKAYZPv6SrMFGz-K
[2026-08-25T17:55:51.651Z] Order found: id=6a8dd6e35357ed422155275e, status=pending, paymentStatus=pending, walletToken=present
[2026-08-25T17:55:51.652Z] Calling createAndPayWallet...
[2026-08-25T17:55:53.718Z] createAndPayWallet SUCCESS — paymobData={"id":522148343,"pending":true,"amount_cents":35000,"success":false,"is_auth":false,"is_capture":false,"is_standalone_payment":true,"is_voided":false,"is_refunded":false,"is_3d_secure":false,"integration_id":5877787,"profile_id":1216222,"has_parent_transaction":false,"order":{"id":594896149,"created_at":"2026-08-25T20:55:52.226554","delivery_needed":false,"merchant":{"id":1216222,"created_at":"2026-08-18T11:33:58.896825","state":"","country":"EGY","city":"Cairo","postal_code":"","street":""},"co
[2026-08-25T17:55:53.931Z] Saved paymobTransactionId to order
[2026-08-25T17:55:53.932Z] redirectUrl=https://accept.paymobsolutions.com/api/acceptance/wallet_other_test/wallet_template?token=ZXlKaGJHY2lPaUpJVXpVeE1pSXNJblI1Y0NJNklrcFhWQ0o5LmV5SmpiR0Z6Y3lJNklsUnlZVzV6WVdOMGFXOXVJaXdpZEhKaGJuTmhZM1JwYjI1ZmNHc2lPalV5TWpFME9ETTBNeXdpYzNWaVgzUjVjR1VpT2lKM1lXeHNaWFFpZlEuUjhyZzZFRUY2RGVhc1p5blRBZFdEazNlQTVYdC1jLVdtMmFPVWs4NDNZZDVNMHJvWEVES3hTNTladGtudlB1b0tnSDFvMG91bkxtaWc1WThfTk5PZWc=
[2026-08-25T17:55:53.933Z] RENDERING wallet-redirect page → https://accept.paymobsolutions.com/api/acceptance/wallet_other_test/wallet_template?token=ZXlKaGJHY2lPaUpJVXpVeE1pSXNJblI1Y0NJNklrcFhWQ0o5LmV5SmpiR0Z6Y3lJNklsUnlZVzV6WVdOMGFXOXVJaXdpZEhKaGJuTmhZM1JwYjI1ZmNHc2lPalV5TWpFME9ETTBNeXdpYzNWaVgzUjVjR1VpT2lKM1lXeHNaWFFpZlEuUjhyZzZFRUY2RGVhc1p5blRBZFdEazNlQTVYdC1jLVdtMmFPVWs4NDNZZDVNMHJvWEVES3hTNTladGtudlB1b0tnSDFvMG91bkxtaWc1WThfTk5PZWc=
[2026-08-25T18:59:50.232Z] walletPay HIT — orderNumber=BX-20260825-85E88062, walletNumber=01010101010, sessionID=ZoEJBZ5Dr718ZjF0Ba1Ff72fKhaTNxzY
[2026-08-25T18:59:50.658Z] Order found: id=6a8de608cd446315eeb72331, status=pending, paymentStatus=pending, walletToken=present
[2026-08-25T18:59:50.659Z] Calling createAndPayWallet...
[2026-08-25T18:59:52.736Z] createAndPayWallet SUCCESS — paymobData={"id":522201385,"pending":true,"amount_cents":55000,"success":false,"is_auth":false,"is_capture":false,"is_standalone_payment":true,"is_voided":false,"is_refunded":false,"is_3d_secure":false,"integration_id":5877787,"profile_id":1216222,"has_parent_transaction":false,"order":{"id":594953615,"created_at":"2026-08-25T21:59:51.185840","delivery_needed":false,"merchant":{"id":1216222,"created_at":"2026-08-18T11:33:58.896825","state":"","country":"EGY","city":"Cairo","postal_code":"","street":""},"co
[2026-08-25T18:59:52.953Z] Saved paymobTransactionId to order
[2026-08-25T18:59:52.953Z] redirectUrl=https://accept.paymobsolutions.com/api/acceptance/wallet_other_test/wallet_template?token=ZXlKaGJHY2lPaUpJVXpVeE1pSXNJblI1Y0NJNklrcFhWQ0o5LmV5SmpiR0Z6Y3lJNklsUnlZVzV6WVdOMGFXOXVJaXdpZEhKaGJuTmhZM1JwYjI1ZmNHc2lPalV5TWpJd01UTTROU3dpYzNWaVgzUjVjR1VpT2lKM1lXeHNaWFFpZlEucmVlOENiMkpzdFVpRUljcHJ4QU9tNkxQd1pyVVNmRGdHMDFLbVRzODFLX3B1c1FPV19UaHBjbGFGeTRzeU9WZ0U3cDJpOVRuTGFWQlFldW54dm5uOVE=
[2026-08-25T18:59:52.954Z] RENDERING wallet-redirect page → https://accept.paymobsolutions.com/api/acceptance/wallet_other_test/wallet_template?token=ZXlKaGJHY2lPaUpJVXpVeE1pSXNJblI1Y0NJNklrcFhWQ0o5LmV5SmpiR0Z6Y3lJNklsUnlZVzV6WVdOMGFXOXVJaXdpZEhKaGJuTmhZM1JwYjI1ZmNHc2lPalV5TWpJd01UTTROU3dpYzNWaVgzUjVjR1VpT2lKM1lXeHNaWFFpZlEucmVlOENiMkpzdFVpRUljcHJ4QU9tNkxQd1pyVVNmRGdHMDFLbVRzODFLX3B1c1FPV19UaHBjbGFGeTRzeU9WZ0U3cDJpOVRuTGFWQlFldW54dm5uOVE=
[2026-08-25T19:30:11.311Z] walletPay HIT — orderNumber=BX-20260825-D88AEBA2, walletNumber=01008714548, sessionID=ZoEJBZ5Dr718ZjF0Ba1Ff72fKhaTNxzY
[2026-08-25T19:30:11.747Z] Order found: id=6a8ded32cd446315eeb723e5, status=pending, paymentStatus=pending, walletToken=present
[2026-08-25T19:30:11.748Z] Calling createAndPayWallet...
[2026-08-25T19:30:14.885Z] createAndPayWallet SUCCESS — paymobData={"id":522227092,"pending":false,"amount_cents":35000,"success":false,"is_auth":false,"is_capture":false,"is_standalone_payment":true,"is_voided":false,"is_refunded":false,"is_3d_secure":false,"integration_id":5877787,"profile_id":1216222,"has_parent_transaction":false,"order":{"id":594981356,"created_at":"2026-08-25T22:30:12.741129","delivery_needed":false,"merchant":{"id":1216222,"created_at":"2026-08-18T11:33:58.896825","state":"","country":"EGY","city":"Cairo","postal_code":"","street":""},"c
[2026-08-25T19:30:15.106Z] Saved paymobTransactionId to order
[2026-08-25T19:30:15.106Z] redirectUrl=(none)
[2026-08-25T19:30:15.107Z] RENDERING wallet-waiting page
