[2026-08-25T18:47:18.115Z] [0mGET / [32m200[0m 1345.341 ms - 23563[0m
[2026-08-25T18:48:33.289Z] [0mGET / [32m200[0m 680.958 ms - -[0m
[2026-08-25T18:48:37.871Z] [0mGET /auth/login [32m200[0m 228.314 ms - -[0m
[2026-08-25T18:48:59.412Z] [0mGET /auth/forgot-password [32m200[0m 218.187 ms - -[0m
[2026-08-25T18:49:19.962Z] [0mPOST /auth/forgot-password [36m302[0m 15314.834 ms - 40[0m
[2026-08-25T18:49:20.567Z] [0mGET /auth/login [32m200[0m 209.099 ms - -[0m
[2026-08-25T18:58:34.619Z] [0mPOST /auth/login [36m302[0m 1272.207 ms - 38[0m
[2026-08-25T18:58:35.800Z] [0mGET /products [32m200[0m 833.057 ms - -[0m
[2026-08-25T18:58:58.311Z] [0mPOST /cart/items [36m302[0m 1874.216 ms - 34[0m
[2026-08-25T18:58:59.538Z] [0mGET /cart [32m200[0m 843.298 ms - -[0m
[2026-08-25T18:59:06.919Z] [0mGET /checkout [32m200[0m 845.415 ms - -[0m
[2026-08-25T18:59:37.496Z] [0mPOST /checkout [36m302[0m 17741.240 ms - 45[0m
[2026-08-25T18:59:38.409Z] [0mGET /payments/wallet [32m200[0m 428.653 ms - -[0m
[2026-08-25T18:59:53.179Z] [0mPOST /payments/wallet [32m200[0m 3145.558 ms - -[0m
[2026-08-25T19:05:02.408Z] [0mPOST /payments/paymob/webhook?hmac=f2a7431c2f1e0e69913fa8772a8dc937b3cbde9937239c6f2e54dee037c7da56791bea7422ad8151d6abbe782f240787482cb2136d5ce934b55eef44fa0f4f61 [33m401[0m 55.022 ms - -[0m
[2026-08-25T19:05:04.312Z] [0mGET /payments/paymob/callback?id=522201385&pending=false&amount_cents=55000&success=true&is_auth=false&is_capture=false&is_standalone_payment=true&is_voided=false&is_refunded=false&is_3d_secure=false&integration_id=5877787&profile_id=1216222&has_parent_transaction=false&order=594953615&created_at=2026-08-25T21%3A59%3A51.670662&currency=EGP&merchant_commission=0&accept_fees=0&discount_details=%5B%5D&amount_cents_int=55000&is_void=false&is_refund=false&error_occured=false&refunded_amount_cents=0&refunded_amount_cents_int=0&captured_amount=0&captured_amount_int=0&settlement_amount_cents_int=0&accept_fees_cents_int=0&vat_cents_int=0&updated_at=2026-08-25T22%3A05%3A01.491941&is_settled=false&bill_balanced=false&is_bill=false&owner=2438248&merchant_order_id=BX-20260825-85E88062-W1787684391162&data.message=Transaction+has+been+completed+successfully.&source_data.type=wallet&source_data.pan=01010101010&source_data.sub_type=wallet&txn_response_code=200&hmac=f2a7431c2f1e0e69913fa8772a8dc937b3cbde9937239c6f2e54dee037c7da56791bea7422ad8151d6abbe782f240787482cb2136d5ce934b55eef44fa0f4f61 [36m302[0m 1037.414 ms - 36[0m
[2026-08-25T19:05:05.652Z] [0mGET /orders [32m200[0m 881.601 ms - -[0m
[2026-08-25T19:05:16.076Z] [0mGET / [32m200[0m 820.813 ms - -[0m
[2026-08-25T19:06:03.305Z] [0mPOST /payments/paymob/webhook?hmac=f2a7431c2f1e0e69913fa8772a8dc937b3cbde9937239c6f2e54dee037c7da56791bea7422ad8151d6abbe782f240787482cb2136d5ce934b55eef44fa0f4f61 [33m401[0m 9.367 ms - -[0m
[2026-08-25T19:06:44.139Z] [0mGET /products [32m200[0m 841.896 ms - -[0m
[2026-08-25T19:06:49.128Z] [0mGET /wishlist [32m200[0m 906.056 ms - -[0m
[2026-08-25T19:06:53.592Z] [0mGET /cart [32m200[0m 617.969 ms - -[0m
[2026-08-25T19:06:56.950Z] [0mGET /dashboard [32m200[0m 637.184 ms - -[0m
[2026-08-25T19:11:26.387Z] [0mGET /dashboard/orders [32m200[0m 1072.445 ms - -[0m
[2026-08-25T19:11:33.252Z] [0mGET /dashboard/orders?page=2 [32m200[0m 1061.058 ms - -[0m
[2026-08-25T19:11:36.940Z] [0mGET /dashboard/orders/6a8d0a63dbde2b162ad319cc [32m200[0m 735.031 ms - -[0m
[2026-08-25T19:11:43.538Z] [0mPUT /dashboard/orders/6a8d0a63dbde2b162ad319cc?_method=PUT [36m302[0m 654.519 ms - 71[0m
[2026-08-25T19:11:44.523Z] [0mGET /dashboard/orders/6a8d0a63dbde2b162ad319cc [32m200[0m 639.659 ms - -[0m
[2026-08-25T19:11:49.844Z] [0mGET /dashboard/orders [32m200[0m 1021.866 ms - -[0m
[2026-08-25T19:12:38.476Z] [0mGET /dashboard/users [32m200[0m 634.503 ms - -[0m
[2026-08-25T19:12:47.760Z] [0mGET / [32m200[0m 835.619 ms - -[0m
[2026-08-25T19:13:01.997Z] [0mGET /products?sort=rating [32m200[0m 823.949 ms - -[0m
[2026-08-25T19:13:09.349Z] [0mGET / [32m200[0m 823.912 ms - -[0m
[2026-08-25T19:16:07.116Z] [0mGET /products [32m200[0m 842.534 ms - -[0m
[2026-08-25T19:16:13.368Z] [0mPOST /cart/items [36m302[0m 1694.634 ms - 34[0m
[2026-08-25T19:16:14.593Z] [0mGET /cart [32m200[0m 854.286 ms - -[0m
[2026-08-25T19:16:18.374Z] [0mGET /checkout [32m200[0m 891.719 ms - -[0m
[2026-08-25T19:16:45.732Z] [0mPOST /checkout [36m302[0m 17723.450 ms - -[0m
[2026-08-25T19:22:55.272Z] [0mGET / [32m200[0m 824.388 ms - -[0m
[2026-08-25T19:23:14.789Z] [0mGET /wishlist [32m200[0m 828.227 ms - -[0m
[2026-08-25T19:26:31.773Z] [0mPOST /cart/items [36m302[0m 1704.881 ms - 34[0m
[2026-08-25T19:26:32.970Z] [0mGET /cart [32m200[0m 839.554 ms - -[0m
[2026-08-25T19:26:38.132Z] [0mGET /checkout [32m200[0m 830.478 ms - -[0m
[2026-08-25T19:27:48.246Z] [0mPOST /checkout [36m302[0m 17397.727 ms - -[0m
[2026-08-25T19:28:38.422Z] [0mPOST /payments/paymob/webhook?hmac=909153d18a66d53babdf131a79769276244a30c5abf20475b41c3e6f79a5c6fa56231d9cebdcff37202ca2b4fbef8452e1ab9c19e10a5059905e87b7fb7be2d7 [33m401[0m 8.840 ms - -[0m
[2026-08-25T19:28:39.650Z] [0mGET /payments/paymob/callback?id=522225788&pending=false&amount_cents=35000&success=false&is_auth=false&is_capture=false&is_standalone_payment=true&is_voided=false&is_refunded=false&is_3d_secure=false&integration_id=5858940&profile_id=1216222&has_parent_transaction=false&order=594978979&created_at=2026-08-25T22%3A28%3A37.681082&currency=EGP&merchant_commission=0&accept_fees=0&discount_details=%5B%5D&amount_cents_int=35000&is_void=false&is_refund=false&error_occured=true&refunded_amount_cents=0&refunded_amount_cents_int=0&captured_amount=0&captured_amount_int=0&settlement_amount_cents_int=0&accept_fees_cents_int=0&vat_cents_int=0&updated_at=2026-08-25T22%3A28%3A37.744420&is_settled=false&bill_balanced=false&is_bill=false&owner=2438248&merchant_order_id=BX-20260825-89187C14&data.message=Invalid+Card+Number&source_data.type=card&source_data.pan=1331&source_data.sub_type=Diners+Club&acq_response_code=14&txn_response_code=14&hmac=909153d18a66d53babdf131a79769276244a30c5abf20475b41c3e6f79a5c6fa56231d9cebdcff37202ca2b4fbef8452e1ab9c19e10a5059905e87b7fb7be2d7 [36m302[0m 431.794 ms - 38[0m
[2026-08-25T19:28:40.683Z] [0mGET /checkout [32m200[0m 634.284 ms - -[0m
[2026-08-25T19:29:29.531Z] [0mGET / [32m200[0m 820.004 ms - -[0m
[2026-08-25T19:29:33.390Z] [0mGET /cart [32m200[0m 635.249 ms - -[0m
[2026-08-25T19:29:35.400Z] [0mGET /products [32m200[0m 821.191 ms - -[0m
[2026-08-25T19:29:39.250Z] [0mPOST /payments/paymob/webhook?hmac=909153d18a66d53babdf131a79769276244a30c5abf20475b41c3e6f79a5c6fa56231d9cebdcff37202ca2b4fbef8452e1ab9c19e10a5059905e87b7fb7be2d7 [33m401[0m 15.856 ms - -[0m
[2026-08-25T19:29:40.972Z] [0mPOST /cart/items [36m302[0m 1770.728 ms - 34[0m
[2026-08-25T19:29:42.465Z] [0mGET /cart [32m200[0m 1084.149 ms - -[0m
[2026-08-25T19:29:46.578Z] [0mGET /checkout [32m200[0m 840.783 ms - -[0m
[2026-08-25T19:29:58.531Z] [0mPOST /checkout [36m302[0m 4815.505 ms - 45[0m
[2026-08-25T19:29:59.338Z] [0mGET /payments/wallet [32m200[0m 425.632 ms - -[0m
[2026-08-25T19:30:14.267Z] [0mPOST /payments/paymob/webhook?hmac=b672cf9d22c132f9b7d66af7fa7af76997efe08bce6b48af1c20caaf2a4cee85339109cf2a86a7a63c73b6b6d9c07f776c340cec2aabe82f71ab7d5b35631260 [33m401[0m 9.143 ms - -[0m
[2026-08-25T19:30:15.335Z] [0mPOST /payments/wallet [32m200[0m 4239.611 ms - -[0m
[2026-08-25T19:30:21.532Z] [0mGET /payments/status/BX-20260825-D88AEBA2 [32m200[0m 814.507 ms - 27[0m
[2026-08-25T19:30:26.520Z] [0mGET /payments/status/BX-20260825-D88AEBA2 [36m304[0m 813.807 ms - -[0m
[2026-08-25T19:30:31.533Z] [0mGET /payments/status/BX-20260825-D88AEBA2 [36m304[0m 811.035 ms - -[0m
[2026-08-25T19:30:36.517Z] [0mGET /payments/status/BX-20260825-D88AEBA2 [36m304[0m 813.919 ms - -[0m
[2026-08-25T19:30:41.529Z] [0mGET /payments/status/BX-20260825-D88AEBA2 [36m304[0m 818.149 ms - -[0m
[2026-08-25T19:30:46.532Z] [0mGET /payments/status/BX-20260825-D88AEBA2 [36m304[0m 828.424 ms - -[0m
[2026-08-25T19:30:51.541Z] [0mGET /payments/status/BX-20260825-D88AEBA2 [36m304[0m 830.202 ms - -[0m
[2026-08-25T19:30:56.548Z] [0mGET /payments/status/BX-20260825-D88AEBA2 [36m304[0m 819.923 ms - -[0m
[2026-08-25T19:31:01.064Z] [0mGET /orders [0m-[0m - ms - -[0m
[2026-08-25T19:31:01.554Z] [0mGET /payments/status/BX-20260825-D88AEBA2 [36m304[0m 842.909 ms - -[0m
[2026-08-25T19:31:02.143Z] [0mGET /orders [32m200[0m 865.277 ms - -[0m
[2026-08-25T19:31:06.523Z] [0mPOST /auth/logout [36m302[0m 607.979 ms - 30[0m
[2026-08-25T19:31:07.306Z] [0mGET / [32m200[0m 615.662 ms - -[0m
[2026-08-25T19:31:15.151Z] [0mPOST /payments/paymob/webhook?hmac=b672cf9d22c132f9b7d66af7fa7af76997efe08bce6b48af1c20caaf2a4cee85339109cf2a86a7a63c73b6b6d9c07f776c340cec2aabe82f71ab7d5b35631260 [33m401[0m 5.104 ms - -[0m
[2026-08-25T19:36:51.187Z] [0mGET / [32m200[0m 624.887 ms - -[0m
[2026-08-25T19:36:55.068Z] [0mGET /auth/login [32m200[0m 210.793 ms - -[0m
[2026-08-25T19:36:59.435Z] [0mPOST /auth/login [36m302[0m 1260.091 ms - 38[0m
[2026-08-25T19:37:00.612Z] [0mGET /products [32m200[0m 827.157 ms - -[0m
[2026-08-25T19:37:07.159Z] [0mPOST /cart/items [36m302[0m 1634.077 ms - 34[0m
[2026-08-25T19:37:08.310Z] [0mGET /cart [32m200[0m 819.459 ms - -[0m
[2026-08-25T19:37:19.564Z] [0mGET /dashboard [32m200[0m 684.442 ms - -[0m
[2026-08-25T19:37:25.466Z] [0mGET /dashboard/products/new [32m200[0m 613.678 ms - -[0m
[2026-08-25T19:39:15.798Z] [0mPOST /dashboard/products [36m302[0m 519.583 ms - 30[0m
[2026-08-25T19:39:16.956Z] [0mGET / [32m200[0m 831.225 ms - -[0m
[2026-08-25T19:46:49.265Z] [0mGET / [32m200[0m 2322.008 ms - 23563[0m
[2026-08-25T19:47:44.678Z] [0mGET / [32m200[0m 855.205 ms - -[0m
[2026-08-25T19:47:49.654Z] [0mGET /dashboard [32m200[0m 644.762 ms - -[0m
[2026-08-25T19:47:55.526Z] [0mGET /dashboard/products/new [32m200[0m 646.139 ms - -[0m
[2026-08-25T19:48:25.196Z] [0mPOST /dashboard/products [36m302[0m 587.018 ms - 30[0m
[2026-08-25T19:48:26.355Z] [0mGET / [32m200[0m 820.818 ms - -[0m
[2026-08-25T19:49:41.114Z] [0mGET / [32m200[0m 2892.306 ms - 23563[0m
[2026-08-25T19:50:14.658Z] [0mGET /products [32m200[0m 882.399 ms - -[0m
[2026-08-25T19:50:18.607Z] [0mGET /dashboard [32m200[0m 637.962 ms - -[0m
[2026-08-25T19:50:21.437Z] [0mGET /dashboard/products/new [32m200[0m 614.984 ms - -[0m
[2026-08-25T19:50:47.447Z] [0mPOST /dashboard/products [31m500[0m 2269.922 ms - -[0m
[2026-08-25T19:53:36.415Z] [0mGET / [32m200[0m 2079.499 ms - 23563[0m
[2026-08-25T19:54:18.174Z] [0mGET / [32m200[0m 619.317 ms - -[0m
[2026-08-25T19:54:21.585Z] [0mGET /auth/login [32m200[0m 208.784 ms - -[0m
[2026-08-25T19:54:26.650Z] [0mPOST /auth/login [36m302[0m 1584.772 ms - 38[0m
[2026-08-25T19:54:28.744Z] [0mGET /products [32m200[0m 2051.151 ms - -[0m
[2026-08-25T19:54:35.591Z] [0mGET /dashboard [32m200[0m 632.067 ms - -[0m
[2026-08-25T19:54:38.737Z] [0mGET /dashboard/products/new [32m200[0m 612.272 ms - -[0m
[2026-08-25T19:55:18.293Z] [0mPOST /dashboard/products [31m500[0m 2326.799 ms - -[0m
[2026-08-25T19:57:00.225Z] [0mGET / [32m200[0m 858.705 ms - -[0m
[2026-08-25T19:57:03.852Z] [0mGET /dashboard [36m304[0m 628.371 ms - -[0m
[2026-08-25T19:57:06.232Z] [0mGET /dashboard/products/new [36m304[0m 634.552 ms - -[0m
[2026-08-25T19:57:31.992Z] [0mPOST /dashboard/products [31m500[0m 2380.285 ms - -[0m
[2026-08-25T20:00:54.725Z] [0mPOST /auth/login [33m401[0m 240.729 ms - 3299[0m
[2026-08-25T20:00:59.348Z] [0mGET / [36m304[0m 827.338 ms - -[0m
[2026-08-25T20:02:13.572Z] [0mGET / [32m200[0m 2151.136 ms - 23563[0m
[2026-08-25T20:02:44.735Z] [0mGET /products [32m200[0m 859.262 ms - -[0m
[2026-08-25T20:02:47.880Z] [0mGET /dashboard [36m304[0m 627.580 ms - -[0m
[2026-08-25T20:02:52.092Z] [0mGET /dashboard/products [32m200[0m 837.716 ms - -[0m
[2026-08-25T20:02:57.999Z] [0mGET /dashboard/products/new [36m304[0m 618.580 ms - -[0m
[2026-08-25T20:03:21.049Z] [0mPOST /dashboard/products [31m500[0m 2271.794 ms - -[0m
[2026-08-25T20:04:00.776Z] [0mGET / [36m304[0m 1266.085 ms - -[0m
[2026-08-25T20:04:04.306Z] [0mGET /dashboard [36m304[0m 629.876 ms - -[0m
[2026-08-25T20:04:07.421Z] [0mGET /dashboard/products [36m304[0m 825.913 ms - -[0m
[2026-08-25T20:04:24.356Z] [0mGET / [32m200[0m 2069.211 ms - 23563[0m
[2026-08-25T20:04:24.846Z] [0mGET /dashboard/products/6a8df43de10fd01c06381b58/edit [32m200[0m 2535.796 ms - -[0m
[2026-08-25T20:04:59.025Z] [0mPUT /dashboard/products/6a8df43de10fd01c06381b58?_method=PUT [36m302[0m 1123.260 ms - 48[0m
[2026-08-25T20:05:01.125Z] [0mGET /dashboard/products [32m200[0m 2094.341 ms - -[0m
[2026-08-25T20:05:06.714Z] [0mGET /dashboard/products/new [36m304[0m 616.105 ms - -[0m
[2026-08-25T20:05:39.161Z] [0mPOST /dashboard/products [31m500[0m 2244.350 ms - -[0m
[2026-08-25T20:05:56.556Z] [0mGET / [36m304[0m 1352.050 ms - -[0m
[2026-08-25T20:06:00.321Z] [0mGET / [36m304[0m 822.448 ms - -[0m
[2026-08-25T20:06:08.838Z] [0mGET /products [32m200[0m 1672.649 ms - -[0m
[2026-08-25T20:07:10.669Z] [0mGET / [32m200[0m 1918.424 ms - 23563[0m
[2026-08-25T20:07:59.204Z] [0mGET /dashboard [32m200[0m 847.363 ms - -[0m
[2026-08-25T20:08:02.004Z] [0mGET /dashboard/products/new [36m304[0m 622.042 ms - -[0m
[2026-08-25T20:08:27.744Z] [0mPOST /dashboard/products [36m302[0m 2979.959 ms - 48[0m
[2026-08-25T20:08:29.951Z] [0mGET /dashboard/products [32m200[0m 2198.944 ms - -[0m
[2026-08-25T20:08:36.141Z] [0mGET / [32m200[0m 822.776 ms - -[0m
[2026-08-25T20:10:09.597Z] [0mGET /dashboard [32m200[0m 833.743 ms - -[0m
[2026-08-25T20:10:12.487Z] [0mGET /dashboard/products/new [36m304[0m 622.236 ms - -[0m
[2026-08-25T20:10:18.080Z] [0mGET /dashboard/products [32m200[0m 837.004 ms - -[0m
[2026-08-25T20:10:21.707Z] [0mGET /dashboard/products/6a8df63b823aa476715cd2cc/edit [32m200[0m 616.393 ms - -[0m
[2026-08-25T20:10:32.784Z] [0mPUT /dashboard/products/6a8df63b823aa476715cd2cc?_method=PUT [36m302[0m 2863.494 ms - 48[0m
[2026-08-25T20:10:33.621Z] [0mGET /dashboard/products [32m200[0m 823.934 ms - -[0m
[2026-08-25T20:10:38.263Z] [0mGET / [36m304[0m 815.153 ms - -[0m
[2026-08-25T20:13:29.224Z] [0mGET /dashboard [36m304[0m 859.706 ms - -[0m
[2026-08-25T20:13:34.187Z] [0mGET /dashboard/products/new [36m304[0m 649.292 ms - -[0m
[2026-08-25T20:14:05.498Z] [0mPOST /dashboard/products [33m409[0m 2077.063 ms - -[0m
[2026-08-25T20:14:14.234Z] [0mGET / [36m304[0m 816.652 ms - -[0m
[2026-08-25T20:14:17.378Z] [0mGET /products [32m200[0m 821.915 ms - -[0m
[2026-08-25T20:14:27.338Z] [0mGET /dashboard [36m304[0m 819.694 ms - -[0m
[2026-08-25T20:14:30.415Z] [0mGET /dashboard/products [32m200[0m 823.285 ms - -[0m
[2026-08-25T20:14:34.810Z] [0mGET /dashboard/products/6a8df63b823aa476715cd2cc/edit [36m304[0m 637.777 ms - -[0m
[2026-08-25T20:14:46.830Z] [0mPUT /dashboard/products/6a8df63b823aa476715cd2cc?_method=PUT [36m302[0m 2771.444 ms - 48[0m
[2026-08-25T20:14:47.656Z] [0mGET /dashboard/products [32m200[0m 817.220 ms - -[0m
[2026-08-25T20:14:51.623Z] [0mGET / [36m304[0m 833.257 ms - -[0m
[2026-08-25T20:15:04.717Z] [0mGET /dashboard [36m304[0m 841.405 ms - -[0m
[2026-08-25T20:16:13.587Z] [0mGET /dashboard/products [32m200[0m 824.389 ms - -[0m
[2026-08-25T20:16:17.608Z] [0mGET /dashboard/products/6a8df63b823aa476715cd2cc/edit [36m304[0m 615.300 ms - -[0m
[2026-08-25T20:16:27.326Z] [0mPUT /dashboard/products/6a8df63b823aa476715cd2cc?_method=PUT [36m302[0m 2945.402 ms - 48[0m
[2026-08-25T20:16:28.152Z] [0mGET /dashboard/products [32m200[0m 818.093 ms - -[0m
[2026-08-25T20:16:31.427Z] [0mGET / [36m304[0m 820.635 ms - -[0m
[2026-08-25T20:16:43.697Z] [0mGET /dashboard [36m304[0m 836.501 ms - -[0m
[2026-08-25T20:16:52.894Z] [0mGET /dashboard/products [32m200[0m 813.666 ms - -[0m
[2026-08-25T20:16:58.904Z] [0mDELETE /dashboard/products/6a8df63b823aa476715cd2cc?_method=DELETE [36m302[0m 669.839 ms - 48[0m
[2026-08-25T20:16:59.724Z] [0mGET /dashboard/products [32m200[0m 815.209 ms - -[0m
[2026-08-25T20:17:10.026Z] [0mDELETE /dashboard/products/6a8df43de10fd01c06381b58?_method=DELETE [36m302[0m 615.863 ms - 48[0m
[2026-08-25T20:17:10.892Z] [0mGET /dashboard/products [32m200[0m 844.192 ms - -[0m
[2026-08-25T20:17:13.282Z] [0mDELETE /dashboard/products/6a7aa564d3ee1f8893666240?_method=DELETE [36m302[0m 641.826 ms - 48[0m
[2026-08-25T20:17:14.120Z] [0mGET /dashboard/products [32m200[0m 827.426 ms - -[0m
[2026-08-25T20:17:17.626Z] [0mGET /dashboard/products/new [36m304[0m 625.889 ms - -[0m
[2026-08-25T20:17:39.870Z] [0mPOST /dashboard/products [33m409[0m 2030.594 ms - -[0m
[2026-08-25T20:17:49.830Z] [0mGET / [32m200[0m 618.093 ms - -[0m
[2026-08-25T20:17:52.299Z] [0mGET /dashboard [32m200[0m 617.356 ms - -[0m
[2026-08-25T20:17:55.719Z] [0mGET /dashboard/products [32m200[0m 847.569 ms - -[0m
[2026-08-25T20:17:58.882Z] [0mGET /dashboard/products/new [36m304[0m 615.264 ms - -[0m
[2026-08-25T20:18:21.788Z] [0mPOST /dashboard/products [36m302[0m 2798.905 ms - 48[0m
[2026-08-25T20:18:22.613Z] [0mGET /dashboard/products [32m200[0m 810.749 ms - -[0m
[2026-08-25T20:18:26.645Z] [0mGET / [32m200[0m 822.855 ms - -[0m
[2026-08-25T20:19:34.696Z] [0mGET /dashboard [32m200[0m 833.104 ms - -[0m
[2026-08-25T20:20:28.256Z] [0mGET /dashboard/products/new [36m304[0m 624.408 ms - -[0m
[2026-08-25T20:20:53.745Z] [0mPOST /dashboard/products [36m302[0m 2935.998 ms - 48[0m
[2026-08-25T20:20:54.593Z] [0mGET /dashboard/products [32m200[0m 825.662 ms - -[0m
[2026-08-25T20:20:58.125Z] [0mGET / [32m200[0m 873.235 ms - -[0m
[2026-08-25T20:21:08.907Z] [0mGET /products/wekl-fw [32m200[0m 1057.193 ms - -[0m
[2026-08-25T20:23:57.328Z] [0mGET /dashboard [32m200[0m 2397.765 ms - -[0m
[2026-08-25T20:24:44.849Z] [0mGET /dashboard/products [32m200[0m 1333.248 ms - -[0m
[2026-08-25T20:24:45.146Z] [0mGET / [32m200[0m 597.296 ms - 25129[0m
[2026-08-25T20:24:54.261Z] [0mGET /dashboard/products/6a8df925823aa476715cd396/edit [32m200[0m 648.903 ms - -[0m
[2026-08-25T20:25:06.682Z] [0mPUT /dashboard/products/6a8df925823aa476715cd396?_method=PUT [36m302[0m 3858.056 ms - 48[0m
[2026-08-25T20:25:08.781Z] [0mGET /dashboard/products [32m200[0m 2064.114 ms - -[0m
[2026-08-25T20:25:12.106Z] [0mGET / [32m200[0m 838.772 ms - -[0m
[2026-08-25T20:27:43.009Z] [0mGET /dashboard [36m304[0m 2057.974 ms - -[0m
[2026-08-25T20:28:03.712Z] [0mGET /dashboard/products/new [36m304[0m 620.409 ms - -[0m
[2026-08-25T20:28:08.256Z] [0mGET /dashboard/products [32m200[0m 854.130 ms - -[0m
[2026-08-25T20:28:12.424Z] [0mDELETE /dashboard/products/6a8df925823aa476715cd396?_method=DELETE [36m302[0m 848.442 ms - 48[0m
[2026-08-25T20:28:13.282Z] [0mGET /dashboard/products [32m200[0m 844.764 ms - -[0m
[2026-08-25T20:28:16.023Z] [0mGET /dashboard/products/6a8df63b823aa476715cd2cc/edit [32m200[0m 615.684 ms - -[0m
[2026-08-25T20:28:29.849Z] [0mPUT /dashboard/products/6a8df63b823aa476715cd2cc?_method=PUT [36m302[0m 3745.836 ms - 48[0m
[2026-08-25T20:28:30.681Z] [0mGET /dashboard/products [32m200[0m 828.240 ms - -[0m
[2026-08-25T20:28:33.534Z] [0mGET / [32m200[0m 820.863 ms - -[0m
[2026-08-25T20:28:46.675Z] [0mGET /products/extractortube [32m200[0m 1049.170 ms - -[0m
[2026-08-25T20:29:20.075Z] [0mGET /dashboard [36m304[0m 828.470 ms - -[0m
[2026-08-25T20:29:27.912Z] [0mGET /dashboard/products [32m200[0m 841.243 ms - -[0m
[2026-08-25T20:29:31.872Z] [0mGET /dashboard/products/6a8df63b823aa476715cd2cc/edit [32m200[0m 680.586 ms - -[0m
[2026-08-25T20:29:42.477Z] [0mPUT /dashboard/products/6a8df63b823aa476715cd2cc?_method=PUT [36m302[0m 3970.125 ms - 48[0m
[2026-08-25T20:29:43.330Z] [0mGET /dashboard/products [32m200[0m 845.153 ms - -[0m
[2026-08-25T20:29:45.970Z] [0mGET / [32m200[0m 835.340 ms - -[0m
[2026-08-25T20:29:57.171Z] [0mGET /products/extractortube [32m200[0m 1038.766 ms - -[0m
[2026-08-25T20:30:21.400Z] [0mPOST /cart/items [36m302[0m 1897.702 ms - 34[0m
[2026-08-25T20:30:22.266Z] [0mGET /cart [32m200[0m 840.209 ms - -[0m
[2026-08-25T20:30:27.660Z] [0mDELETE /cart/items/6a7aa564d3ee1f8893666240?_method=DELETE [36m302[0m 1466.398 ms - 34[0m
[2026-08-25T20:30:28.509Z] [0mGET /cart [32m200[0m 836.554 ms - -[0m
[2026-08-25T20:30:38.193Z] [0mGET /checkout [32m200[0m 830.842 ms - -[0m
[2026-08-25T20:30:48.831Z] [0mPOST /checkout [31m500[0m 1589.575 ms - -[0m
[2026-08-25T20:33:42.341Z] [0mGET / [36m304[0m 900.350 ms - -[0m
[2026-08-25T20:33:48.178Z] [0mGET /cart [32m200[0m 840.292 ms - -[0m
[2026-08-25T20:33:52.235Z] [0mGET /checkout [36m304[0m 821.031 ms - -[0m
[2026-08-25T20:34:01.913Z] [0mPOST /checkout [31m500[0m 1430.762 ms - -[0m
[2026-08-25T20:34:56.981Z] [0mGET / [36m304[0m 857.869 ms - -[0m
[2026-08-25T20:35:01.755Z] [0mGET /cart [36m304[0m 833.414 ms - -[0m
[2026-08-25T20:35:04.251Z] [0mGET /checkout [36m304[0m 830.360 ms - -[0m
[2026-08-25T20:35:10.806Z] [0mPOST /checkout [31m500[0m 1456.712 ms - -[0m
[2026-08-25T20:39:38.509Z] [0mGET / [32m200[0m 832.523 ms - -[0m
[2026-08-25T20:39:43.357Z] [0mGET /cart [32m200[0m 866.526 ms - -[0m
[2026-08-25T20:39:47.683Z] [0mGET /checkout [32m200[0m 862.178 ms - -[0m
[2026-08-25T20:39:58.630Z] [0mPOST /checkout [31m500[0m 1430.938 ms - -[0m
[2026-08-25T20:41:17.527Z] [0mGET / [32m200[0m 1999.000 ms - 25155[0m
[2026-08-25T20:41:51.470Z] [0mGET / [32m200[0m 913.814 ms - -[0m
[2026-08-25T20:41:54.779Z] [0mGET /cart [32m200[0m 855.024 ms - -[0m
[2026-08-25T20:41:58.378Z] [0mGET /checkout [32m200[0m 844.678 ms - -[0m
[2026-08-25T20:42:21.160Z] [0mPOST /checkout [36m302[0m 16099.310 ms - 61[0m
[2026-08-25T20:42:22.235Z] [0mGET /orders/6a8dfe1e66780473534b4e3b [32m200[0m 664.338 ms - -[0m
[2026-08-25T20:42:33.530Z] [0mGET /dashboard [32m200[0m 889.566 ms - -[0m
[2026-08-25T20:42:37.765Z] [0mGET /dashboard [32m200[0m 861.636 ms - -[0m
[2026-08-25T20:42:40.137Z] [0mGET /dashboard/products [32m200[0m 2083.139 ms - -[0m
[2026-08-25T21:09:25.112Z] [0mGET / [32m200[0m 1022.619 ms - -[0m
[2026-08-25T21:09:26.345Z] [0mGET / [32m200[0m 930.776 ms - -[0m
